2025-04-19 20:33:37,279 - INFO - Sent message to K0MDT: Test Message
2025-04-19 20:34:26,788 - INFO - Received message from K0MDT-4: Test (ID: 86F87)
2025-04-19 20:34:26,788 - INFO - Sent acknowledgment for message ID: 86F87
2025-04-19 20:34:26,788 - INFO - Sent message to K0MDT: ack86F87
2025-04-19 22:48:33,894 - INFO - Sent message to K0MDT: test
2025-04-19 22:48:51,388 - INFO - Received message from K0MDT-4: Tested (ID: 39FB0)
2025-04-19 22:48:51,388 - INFO - Sent acknowledgment for message ID: 39FB0
2025-04-19 22:48:51,388 - INFO - Sent message to K0MDT: ack39FB0
2025-04-19 22:54:11,410 - INFO - Sent message to K0MDT: Test Message
2025-04-19 22:55:17,318 - INFO - Sent message to K0MDT: test 123
2025-04-19 22:55:41,830 - INFO - Received message from K0MDT-4: Tested (ID: 6D3C9)
2025-04-19 22:55:41,830 - INFO - Sent acknowledgment for message ID: 6D3C9
2025-04-19 22:55:41,830 - INFO - Sent message to K0MDT: ack6D3C9
2025-04-19 22:56:33,159 - INFO - Sent message to K0MDT: this is a test for a really really really really really really real
2025-04-19 22:58:24,385 - INFO - Sent message to K0MDT: this is a test for a really really really really really really really really really really long message
2025-04-19 22:59:21,374 - INFO - Sent message to K0MDT: this is a test for a really really really really really really real
2025-04-19 23:02:06,867 - INFO - Sent message to K0MDT: this is a test for a really really really really really really real
2025-04-19 23:04:06,515 - INFO - Sent message to K0MDT: this is a test for a really really really really really really real
2025-04-19 23:06:12,776 - INFO - Sent message to K0MDT: this is a test for a really really really really really really real
2025-04-19 23:07:05,836 - INFO - Sent message to K0MDT: this is a test for a really really really really really really real
2025-04-19 23:10:53,173 - INFO - Sent message to K0MDT: this is a test for a really really really really really really real
2025-04-19 23:11:52,957 - INFO - Sent message to K0MDT: this is a test for a really really really really really really real
2025-04-19 23:12:28,368 - INFO - Sent message to K0MDT: this is a test for a really really really really really really real
2025-04-19 23:13:06,398 - INFO - Sent message to K0MDT: this is a test for a really really really really really really real
2025-04-19 23:13:55,750 - INFO - Sent message to K0MDT: this is a test for a really really really really really really real
2025-04-19 23:14:33,089 - INFO - Sent message to K0MDT: this is a test for a really really really really really really real
2025-04-19 23:38:14,757 - INFO - Sent message to K0MDT: this is a test for a really really really really really really real
2025-04-19 23:40:27,013 - INFO - Sent message to K0MDT: this is a test for a really really really really really really real
2025-04-19 23:42:10,582 - INFO - Sent message to K0MDT: this is a test for a really really really really really really real
2025-04-19 23:43:48,784 - INFO - Sent message to K0MDT: this is a test for a really really really really really really real
2025-04-19 23:46:34,731 - INFO - Sent message to K0MDT: this is a test for a really really really really really really real
2025-04-20 00:08:24,859 - INFO - Received message from K0MDT-4: Test (ID: F2F44)
2025-04-20 00:08:24,859 - INFO - Sent acknowledgment for message ID: F2F44
2025-04-20 00:08:24,859 - INFO - Sent message to K0MDT: ackF2F44
2025-04-20 00:08:25,139 - INFO - Received message from K0MDT-4: Test (ID: F2F44)
2025-04-20 00:08:25,139 - INFO - Sent acknowledgment for message ID: F2F44
2025-04-20 00:08:25,139 - INFO - Sent message to K0MDT: ackF2F44
2025-04-20 00:08:51,017 - INFO - Sent message to K0MDT: this is a test for a really really really really really really real
2025-04-20 00:10:55,901 - INFO - Received message from K0MDT-4: Test (ID: 1F357)
2025-04-20 00:10:55,902 - INFO - Sent acknowledgment for message ID: 1F357
2025-04-20 00:10:55,902 - INFO - Sent message to K0MDT: ack1F357
2025-04-20 00:10:56,056 - INFO - Received message from K0MDT-4: Test (ID: 1F357)
2025-04-20 00:10:56,057 - INFO - Sent acknowledgment for message ID: 1F357
2025-04-20 00:10:56,057 - INFO - Sent message to K0MDT: ack1F357
2025-04-20 00:11:04,729 - INFO - Sent message to K0MDT: this is a test for a really really really really really reall
2025-04-20 00:11:38,690 - INFO - Sent message to K0MDT: this is a test for a really really really really really reall
2025-04-20 00:11:54,600 - INFO - Sent message to K0MDT: this is a test for a really really really really really reall
2025-04-20 00:12:23,020 - INFO - Received message from K0MDT-4: Test (ID: 62111)
2025-04-20 00:12:23,020 - INFO - Sent acknowledgment for message ID: 62111
2025-04-20 00:12:23,020 - INFO - Sent message to K0MDT: ack62111
2025-04-20 00:14:05,533 - ERROR - 192.168.4.127 - - [20/Apr/2025 00:14:05] code 400, message Bad request version ("¬A'uÂâzp")
2025-04-20 00:14:05,568 - ERROR - 192.168.4.127 - - [20/Apr/2025 00:14:05] code 400, message Bad request version ('\x07\x99ó\x02ëÅHé\x00')
2025-04-20 00:24:57,513 - INFO - Received message from K0MDT-4: Test (ID: C6EBD)
2025-04-20 00:24:57,513 - INFO - Sent acknowledgment for message ID: C6EBD
2025-04-20 00:24:57,513 - INFO - Sent message to K0MDT: ackC6EBD
2025-04-20 08:23:11,848 - INFO - Received message from K0MDT-4: Test (ID: 49720)
2025-04-20 08:23:11,848 - INFO - Sent acknowledgment for message ID: 49720
2025-04-20 08:23:11,848 - INFO - Sent message to K0MDT: ack49720
2025-04-20 09:27:10,677 - INFO - Sent message to K0MDT: Test Message
2025-04-20 09:27:44,005 - INFO - Received message from K0MDT-4: Test (ID: 578DF)
2025-04-20 09:27:44,005 - INFO - Sent acknowledgment for message ID: 578DF
2025-04-20 09:27:44,005 - INFO - Sent message to K0MDT: ack578DF
2025-04-20 09:28:29,518 - INFO - Sent message to K0MDT: Test Message
2025-04-20 09:30:35,919 - INFO - Sent message to K0MDT: test 123
2025-04-20 09:35:58,840 - INFO - Sent message to K0MDT: Test Message
2025-04-20 09:36:10,380 - INFO - Received message from K0MDT-4: Tested (ID: 984BB)
2025-04-20 09:36:10,380 - INFO - Sent acknowledgment for message ID: 984BB
2025-04-20 09:36:10,380 - INFO - Sent message to K0MDT: ack984BB
2025-04-20 09:37:27,227 - INFO - Sent message to K0MDT: Test Message
2025-04-20 09:37:34,350 - INFO - Received message from K0MDT-4: Tested (ID: 8AF5D)
2025-04-20 09:37:34,350 - INFO - Sent acknowledgment for message ID: 8AF5D
2025-04-20 09:37:34,350 - INFO - Sent message to K0MDT: ack8AF5D
2025-04-20 09:38:09,686 - INFO - Sent message to K0MDT: Test Message
2025-04-20 09:40:51,029 - INFO - Sent message to K0MDT: Test Message
2025-04-20 09:41:01,692 - INFO - Received message from K0MDT-4: Test (ID: CA21D)
2025-04-20 09:41:01,692 - INFO - Received message from K0MDT-4: Test (ID: CA21D)
2025-04-20 09:41:01,693 - INFO - Sent acknowledgment for message ID: CA21D
2025-04-20 09:41:01,693 - INFO - Sent acknowledgment for message ID: CA21D
2025-04-20 09:41:01,693 - INFO - Sent message to K0MDT: ackCA21D
2025-04-20 09:41:01,693 - INFO - Sent message to K0MDT: ackCA21D
2025-04-20 09:43:43,616 - INFO - Received message from K0MDT-4: Testing (ID: B4FA4)
2025-04-20 09:43:43,616 - INFO - Sent acknowledgment for message ID: B4FA4
2025-04-20 09:43:43,616 - INFO - Sent message to K0MDT: ackB4FA4
2025-04-20 09:43:43,658 - INFO - Received message from K0MDT-4: Testing (ID: B4FA4)
2025-04-20 09:43:43,658 - INFO - Sent acknowledgment for message ID: B4FA4
2025-04-20 09:43:43,658 - INFO - Sent message to K0MDT: ackB4FA4
2025-04-20 09:44:13,725 - INFO - Received message from K0MDT-4: Testing (ID: 094F0)
2025-04-20 09:44:13,725 - INFO - Received message from K0MDT-4: Testing (ID: 094F0)
2025-04-20 09:44:13,725 - INFO - Sent acknowledgment for message ID: 094F0
2025-04-20 09:44:13,725 - INFO - Sent acknowledgment for message ID: 094F0
2025-04-20 09:44:13,725 - INFO - Sent message to K0MDT: ack094F0
2025-04-20 09:44:13,725 - INFO - Sent message to K0MDT: ack094F0
2025-04-20 09:47:08,413 - INFO - Sent message to K0MDT: Test Message
2025-04-20 09:51:40,422 - INFO - Received message from K0MDT-4: Test (ID: DCD0E)
2025-04-20 09:51:40,422 - INFO - Sent acknowledgment for message ID: DCD0E
2025-04-20 09:51:40,422 - INFO - Sent message to K0MDT: ackDCD0E
2025-04-20 09:51:40,465 - INFO - Received message from K0MDT-4: Test (ID: DCD0E)
2025-04-20 09:51:40,465 - INFO - Sent acknowledgment for message ID: DCD0E
2025-04-20 09:51:40,465 - INFO - Sent message to K0MDT: ackDCD0E
2025-04-20 09:54:40,586 - INFO - Sent message to K0MDT: Test Message
2025-04-20 09:54:51,409 - INFO - Received message from K0MDT-4: Test (ID: C1FB9)
2025-04-20 09:54:51,409 - INFO - Received message from K0MDT-4: Test (ID: C1FB9)
2025-04-20 09:54:51,409 - INFO - Sent acknowledgment for message ID: C1FB9
2025-04-20 09:54:51,409 - INFO - Sent acknowledgment for message ID: C1FB9
2025-04-20 09:54:51,410 - INFO - Sent message to K0MDT: ackC1FB9
2025-04-20 09:54:51,410 - INFO - Sent message to K0MDT: ackC1FB9
2025-04-20 10:00:55,726 - INFO - Received message from K0MDT-4: Test (ID: C6C36)
2025-04-20 10:00:55,726 - INFO - Sent acknowledgment for message ID: C6C36
2025-04-20 10:00:55,726 - INFO - Sent message to K0MDT: ackC6C36
2025-04-20 10:00:55,758 - INFO - Received message from K0MDT-4: Test (ID: C6C36)
2025-04-20 10:00:55,758 - INFO - Sent acknowledgment for message ID: C6C36
2025-04-20 10:00:55,759 - INFO - Sent message to K0MDT: ackC6C36
2025-04-20 10:01:18,156 - INFO - Sent message to K0MDT: test 123
2025-04-20 10:01:58,608 - INFO - Sent message to K0MDT-7: Test Message
2025-04-20 10:03:14,207 - INFO - Received message from K0MDT-4: Got it (ID: B230F)
2025-04-20 10:03:14,207 - INFO - Received message from K0MDT-4: Got it (ID: B230F)
2025-04-20 10:03:14,207 - INFO - Sent acknowledgment for message ID: B230F
2025-04-20 10:03:14,207 - INFO - Sent acknowledgment for message ID: B230F
2025-04-20 10:03:14,207 - INFO - Sent message to K0MDT: ackB230F
2025-04-20 10:03:14,207 - INFO - Sent message to K0MDT: ackB230F
2025-04-20 10:10:59,735 - INFO - Received message from K0MDT-4: Test (ID: 61A32)
2025-04-20 10:10:59,735 - INFO - Sent acknowledgment for message ID: 61A32
2025-04-20 10:10:59,736 - INFO - Sent message to K0MDT: ack61A32
2025-04-20 10:10:59,736 - INFO - Received message from K0MDT-4: Test (ID: 61A32)
2025-04-20 10:10:59,736 - INFO - Sent acknowledgment for message ID: 61A32
2025-04-20 10:10:59,736 - INFO - Sent message to K0MDT: ack61A32
2025-04-20 10:11:08,233 - INFO - Sent message to K0MDT-7: test 123
2025-04-20 10:11:45,516 - INFO - Sent message to K0MDT-7: This is a test message
2025-04-20 10:12:07,624 - INFO - Received message from K0MDT-4: Got it (ID: C3E2F)
2025-04-20 10:12:07,624 - INFO - Sent acknowledgment for message ID: C3E2F
2025-04-20 10:12:07,624 - INFO - Sent message to K0MDT: ackC3E2F
2025-04-20 10:12:07,684 - INFO - Received message from K0MDT-4: Got it (ID: C3E2F)
2025-04-20 10:12:07,684 - INFO - Sent acknowledgment for message ID: C3E2F
2025-04-20 10:12:07,684 - INFO - Sent message to K0MDT: ackC3E2F
2025-04-20 14:09:17,075 - INFO - Sent message to K0MDT-7: Test Message
2025-04-20 14:09:38,060 - INFO - Sent message to K0MDT: Test Message
2025-04-20 14:10:26,306 - INFO - Received message from K0MDT-4: Test (ID: 1A059)
2025-04-20 14:10:26,306 - INFO - Sent acknowledgment for message ID: 1A059
2025-04-20 14:10:26,306 - INFO - Sent message to K0MDT: ack1A059
2025-04-20 14:10:46,741 - INFO - Sent message to K0MDT-4: Got It
